{
  "errors": [
    {
      "code": "bad_request",
      "detail": "error listing work items for expression '{\"$AND\": [{\"assignee\":null, \"negate\": true}]}': Bad value for parameter 'negate for null not supported': 'assignee'",
      "id": "IGNORE_ME",
      "status": "400",
      "title": "Bad Request"
    }
  ]
}