{
  "id": "IGNORE_ME",
  "code": "invalid_request",
  "status": 400,
  "detail": "type.name must match the regexp \"^[^_|-].*\" but got value \"_person\"",
  "meta": {
    "attribute": "type.name",
    "regexp": "^[^_|-].*",
    "value": "_person"
  }
}