{
  "errors": [
    {
      "code": "forbidden_error",
      "detail": "user is not the space owner",
      "status": "403",
      "title": "Forbidden error"
    }
  ]
}