{
  "errors": [
    {
      "code": "unauthorized",
      "detail": "Missing token manager",
      "id": "IGNORE_ME",
      "status": "401",
      "title": "Unauthorized"
    }
  ]
}