{
  "Code": 200,
  "HeaderMap": {
    "Content-Type": [
      "application/vnd.api+json"
    ],
    "Location": [
      "http:///api/spaces/00000000-0000-0000-0000-000000000001/labels/00000000-0000-0000-0000-000000000002"
    ]
  },
  "Body": {},
  "Flushed": false
}