{
  "data": {
    "attributes": {
      "createdAt": "0001-01-01T00:00:00Z",
      "last_used_workspace": "my-used-last-workspace",
      "stackId": "golang-default",
      "type": "git",
      "url": "git@github.com:fabric8-services/fabric8-wit.git"
    },
    "id": "00000000-0000-0000-0000-000000000001",
    "links": {
      "edit": "http:///api/codebases/00000000-0000-0000-0000-000000000001/edit",
      "related": "http:///api/codebases/00000000-0000-0000-0000-000000000001",
      "self": "http:///api/codebases/00000000-0000-0000-0000-000000000001"
    },
    "relationships": {
      "space": {
        "data": {
          "id": "00000000-0000-0000-0000-000000000002",
          "type": "spaces"
        },
        "links": {
          "related": "http:///api/spaces/00000000-0000-0000-0000-000000000002",
          "self": "http:///api/spaces/00000000-0000-0000-0000-000000000002"
        }
      }
    },
    "type": "codebases"
  }
}