{
  "Code": 200,
  "HeaderMap": {
    "Cache-Control": [
      "private,max-age=120"
    ],
    "Content-Type": [
      "application/vnd.api+json"
    ],
    "Etag": [
      "0icd7ov5CqwDXN6Fx9z18g=="
    ],
    "Last-Modified": [
      "Mon, 01 Jan 0001 00:00:00 GMT"
    ]
  },
  "Body": {},
  "Flushed": false
}